Info: Starting: Create block symbol file (.bsf)
Info: qsys-generate C:\Users\chval\OneDrive\Desktop\Morphe\tcc\fft_core.qsys --block-symbol-file --output-directory=C:\Users\chval\OneDrive\Desktop\Morphe\tcc\fft_core --family="Cyclone V" --part=5CSEMA5F31C6
Progress: Loading tcc/fft_core.qsys
Progress: Reading input file
Progress: Adding fft_ii_0 [altera_fft_ii 20.1]
Progress: Parameterizing module fft_ii_0
Progress: Building connections
Progress: Parameterizing connections
Progress: Validating
Progress: Done reading input file
Info: fft_core.fft_ii_0: Radix-2 digit reverse implied
Info: qsys-generate succeeded.
Info: Finished: Create block symbol file (.bsf)
Info: 
Info: Starting: Create HDL design files for synthesis
Info: qsys-generate C:\Users\chval\OneDrive\Desktop\Morphe\tcc\fft_core.qsys --synthesis=VERILOG --output-directory=C:\Users\chval\OneDrive\Desktop\Morphe\tcc\fft_core\synthesis --family="Cyclone V" --part=5CSEMA5F31C6
Progress: Loading tcc/fft_core.qsys
Progress: Reading input file
Progress: Adding fft_ii_0 [altera_fft_ii 20.1]
Progress: Parameterizing module fft_ii_0
Progress: Building connections
Progress: Parameterizing connections
Progress: Validating
Progress: Done reading input file
Info: fft_core.fft_ii_0: Radix-2 digit reverse implied
Info: fft_core: Generating fft_core "fft_core" for QUARTUS_SYNTH
Info: fft_ii_0: --- add file: fft_core_fft_ii_0_1n1024cos.hex
Info: fft_ii_0: --- add file: fft_core_fft_ii_0_1n1024sin.hex
Info: fft_ii_0: --- add file: fft_core_fft_ii_0_2n1024cos.hex
Info: fft_ii_0: --- add file: fft_core_fft_ii_0_3n1024cos.hex
Info: fft_ii_0: --- add file: fft_core_fft_ii_0_2n1024sin.hex
Info: fft_ii_0: --- add file: fft_core_fft_ii_0_3n1024sin.hex
Info: fft_ii_0: "fft_core" instantiated altera_fft_ii "fft_ii_0"
Info: fft_core: Done "fft_core" with 2 modules, 108 files
Info: qsys-generate succeeded.
Info: Finished: Create HDL design files for synthesis
