Flow report for soc_system
Tue Sep  8 15:29:42 2026
Quartus Prime Version 20.1.0 Build 711 06/05/2020 SJ Lite Edition


---------------------
; Table of Contents ;
---------------------
  1. Legal Notice
  2. Flow Summary
  3. Flow Settings
  4. Flow Non-Default Global Settings
  5. Flow Elapsed Time
  6. Flow OS Summary
  7. Flow Log
  8. Flow Messages
  9. Flow Suppressed Messages



----------------
; Legal Notice ;
----------------
Copyright (C) 2020  Intel Corporation. All rights reserved.
Your use of Intel Corporation's design tools, logic functions 
and other software and tools, and any partner logic 
functions, and any output files from any of the foregoing 
(including device programming or simulation files), and any 
associated documentation or information are expressly subject 
to the terms and conditions of the Intel Program License 
Subscription Agreement, the Intel Quartus Prime License Agreement,
the Intel FPGA IP License Agreement, or other applicable license
agreement, including, without limitation, that your use is for
the sole purpose of programming logic devices manufactured by
Intel and sold by Intel or its authorized distributors.  Please
refer to the applicable agreement for further details, at
https://fpgasoftware.intel.com/eula.



+-------------------------------------------------------------------------------+
; Flow Summary                                                                  ;
+---------------------------------+---------------------------------------------+
; Flow Status                     ; Successful - Tue Sep  8 15:29:04 2026       ;
; Quartus Prime Version           ; 20.1.0 Build 711 06/05/2020 SJ Lite Edition ;
; Revision Name                   ; soc_system                                  ;
; Top-level Entity Name           ; ghrd_top                                    ;
; Family                          ; Cyclone V                                   ;
; Device                          ; 5CSEMA5F31C6                                ;
; Timing Models                   ; Final                                       ;
; Logic utilization (in ALMs)     ; 8,569 / 32,070 ( 27 % )                     ;
; Total registers                 ; 13552                                       ;
; Total pins                      ; 382 / 457 ( 84 % )                          ;
; Total virtual pins              ; 0                                           ;
; Total block memory bits         ; 866,038 / 4,065,280 ( 21 % )                ;
; Total DSP Blocks                ; 15 / 87 ( 17 % )                            ;
; Total HSSI RX PCSs              ; 0                                           ;
; Total HSSI PMA RX Deserializers ; 0                                           ;
; Total HSSI TX PCSs              ; 0                                           ;
; Total HSSI PMA TX Serializers   ; 0                                           ;
; Total PLLs                      ; 0 / 6 ( 0 % )                               ;
; Total DLLs                      ; 1 / 4 ( 25 % )                              ;
+---------------------------------+---------------------------------------------+


+-----------------------------------------+
; Flow Settings                           ;
+-------------------+---------------------+
; Option            ; Setting             ;
+-------------------+---------------------+
; Start date & time ; 09/08/2026 15:21:07 ;
; Main task         ; Compilation         ;
; Revision Name     ; soc_system          ;
+-------------------+---------------------+


+--------------------------------------------------------------------------------------------------------------------------------------------------------------------------------+
; Flow Non-Default Global Settings                                                                                                                                               ;
+---------------------------------------+--------------------------------------------------------------------------+---------------+--------------------------------+------------+
; Assignment Name                       ; Value                                                                    ; Default Value ; Entity Name                    ; Section Id ;
+---------------------------------------+--------------------------------------------------------------------------+---------------+--------------------------------+------------+
; COMPILER_SIGNATURE_ID                 ; 27099577874134.178889166514077                                           ; --            ; --                             ; --         ;
; ECO_REGENERATE_REPORT                 ; On                                                                       ; Off           ; --                             ; --         ;
; ENABLE_SIGNALTAP                      ; Off                                                                      ; --            ; --                             ; --         ;
; HPS_ISW_FILE                          ; soc_system/synthesis/submodules/sequencer/alt_types.pre.h                ; --            ; soc_system_hps_0_hps_io_border ; --         ;
; HPS_ISW_FILE                          ; soc_system/synthesis/submodules/sequencer/sequencer_auto_inst_init.pre.c ; --            ; soc_system_hps_0_hps_io_border ; --         ;
; HPS_ISW_FILE                          ; soc_system/synthesis/submodules/sequencer/tclrpt.pre.h                   ; --            ; soc_system_hps_0_hps_io_border ; --         ;
; HPS_ISW_FILE                          ; soc_system/synthesis/submodules/sequencer/sdram_io.pre.h                 ; --            ; soc_system_hps_0_hps_io_border ; --         ;
; HPS_ISW_FILE                          ; soc_system/synthesis/submodules/sequencer/sequencer.pre.h                ; --            ; soc_system_hps_0_hps_io_border ; --         ;
; HPS_ISW_FILE                          ; soc_system/synthesis/submodules/sequencer/sequencer_auto.pre.h           ; --            ; soc_system_hps_0_hps_io_border ; --         ;
; HPS_ISW_FILE                          ; soc_system/synthesis/submodules/sequencer/sequencer_auto_ac_init.pre.c   ; --            ; soc_system_hps_0_hps_io_border ; --         ;
; HPS_ISW_FILE                          ; soc_system/synthesis/submodules/sequencer/sequencer.pre.c                ; --            ; soc_system_hps_0_hps_io_border ; --         ;
; HPS_ISW_FILE                          ; soc_system/synthesis/submodules/sequencer/sequencer_defines.pre.h        ; --            ; soc_system_hps_0_hps_io_border ; --         ;
; HPS_ISW_FILE                          ; soc_system/synthesis/submodules/sequencer/emif.pre.xml                   ; --            ; soc_system_hps_0_hps_io_border ; --         ;
; HPS_ISW_FILE                          ; soc_system/synthesis/submodules/sequencer/system.pre.h                   ; --            ; soc_system_hps_0_hps_io_border ; --         ;
; HPS_ISW_FILE                          ; soc_system/synthesis/submodules/sequencer/tclrpt.pre.c                   ; --            ; soc_system_hps_0_hps_io_border ; --         ;
; HPS_ISW_FILE                          ; soc_system/synthesis/submodules/hps.pre.xml                              ; --            ; soc_system_hps_0_hps_io_border ; --         ;
; HPS_PARTITION                         ; On                                                                       ; --            ; soc_system_hps_0_hps_io_border ; --         ;
; MAX_CORE_JUNCTION_TEMP                ; 85                                                                       ; --            ; --                             ; --         ;
; MESSAGE_DISABLE                       ; 270007                                                                   ; --            ; fft_core_fft_ii_0              ; --         ;
; MIN_CORE_JUNCTION_TEMP                ; 0                                                                        ; --            ; --                             ; --         ;
; MISC_FILE                             ; fir_ii/fir_ii.cmp                                                        ; --            ; --                             ; --         ;
; MISC_FILE                             ; adcltc2308_controller/synthesis/../adcltc2308_controller.cmp             ; --            ; --                             ; --         ;
; MISC_FILE                             ; adcltc2308_controller/synthesis/../../adcltc2308_controller.qsys         ; --            ; --                             ; --         ;
; MISC_FILE                             ; fft_core/synthesis/../fft_core.cmp                                       ; --            ; --                             ; --         ;
; MISC_FILE                             ; fft_core/synthesis/../../fft_core.qsys                                   ; --            ; --                             ; --         ;
; MISC_FILE                             ; ip/altsource_probe/hps_reset_bb.v                                        ; --            ; --                             ; --         ;
; MISC_FILE                             ; soc_system/synthesis/../soc_system.cmp                                   ; --            ; --                             ; --         ;
; MISC_FILE                             ; soc_system/synthesis/soc_system_hps_0_hps.svd                            ; --            ; --                             ; --         ;
; MISC_FILE                             ; soc_system/synthesis/../../soc_system.qsys                               ; --            ; --                             ; --         ;
; MISC_FILE                             ; soc_system/synthesis/submodules/sequencer/alt_types.pre.h                ; --            ; --                             ; --         ;
; MISC_FILE                             ; soc_system/synthesis/submodules/sequencer/sequencer_auto_inst_init.pre.c ; --            ; --                             ; --         ;
; MISC_FILE                             ; soc_system/synthesis/submodules/sequencer/tclrpt.pre.h                   ; --            ; --                             ; --         ;
; MISC_FILE                             ; soc_system/synthesis/submodules/sequencer/sdram_io.pre.h                 ; --            ; --                             ; --         ;
; MISC_FILE                             ; soc_system/synthesis/submodules/sequencer/sequencer.pre.h                ; --            ; --                             ; --         ;
; MISC_FILE                             ; soc_system/synthesis/submodules/sequencer/sequencer_auto.pre.h           ; --            ; --                             ; --         ;
; MISC_FILE                             ; soc_system/synthesis/submodules/sequencer/sequencer_auto_ac_init.pre.c   ; --            ; --                             ; --         ;
; MISC_FILE                             ; soc_system/synthesis/submodules/sequencer/sequencer.pre.c                ; --            ; --                             ; --         ;
; MISC_FILE                             ; soc_system/synthesis/submodules/sequencer/sequencer_defines.pre.h        ; --            ; --                             ; --         ;
; MISC_FILE                             ; soc_system/synthesis/submodules/sequencer/emif.pre.xml                   ; --            ; --                             ; --         ;
; MISC_FILE                             ; soc_system/synthesis/submodules/sequencer/system.pre.h                   ; --            ; --                             ; --         ;
; MISC_FILE                             ; soc_system/synthesis/submodules/sequencer/tclrpt.pre.c                   ; --            ; --                             ; --         ;
; MISC_FILE                             ; soc_system/synthesis/submodules/hps.pre.xml                              ; --            ; --                             ; --         ;
; NUM_PARALLEL_PROCESSORS               ; All                                                                      ; --            ; --                             ; --         ;
; PARTITION_COLOR                       ; -- (Not supported for targeted family)                                   ; --            ; ghrd_top                       ; Top        ;
; PARTITION_FITTER_PRESERVATION_LEVEL   ; -- (Not supported for targeted family)                                   ; --            ; ghrd_top                       ; Top        ;
; PARTITION_NETLIST_TYPE                ; -- (Not supported for targeted family)                                   ; --            ; ghrd_top                       ; Top        ;
; POWER_BOARD_THERMAL_MODEL             ; None (CONSERVATIVE)                                                      ; --            ; --                             ; --         ;
; POWER_PRESET_COOLING_SOLUTION         ; 23 MM HEAT SINK WITH 200 LFPM AIRFLOW                                    ; --            ; --                             ; --         ;
; PROJECT_OUTPUT_DIRECTORY              ; output_files                                                             ; --            ; --                             ; --         ;
; SLD_FILE                              ; adcltc2308_controller/synthesis/adcltc2308_controller.debuginfo          ; --            ; --                             ; --         ;
; SLD_FILE                              ; fft_core/synthesis/fft_core.debuginfo                                    ; --            ; --                             ; --         ;
; SLD_FILE                              ; soc_system/synthesis/soc_system.regmap                                   ; --            ; --                             ; --         ;
; SLD_FILE                              ; soc_system/synthesis/soc_system.debuginfo                                ; --            ; --                             ; --         ;
; SLD_INFO                              ; QSYS_NAME adcltc2308_controller HAS_SOPCINFO 1 GENERATION_ID 1776193297  ; --            ; adcltc2308_controller          ; --         ;
; SLD_INFO                              ; QSYS_NAME fft_core HAS_SOPCINFO 1 GENERATION_ID 1777736267               ; --            ; fft_core                       ; --         ;
; SLD_INFO                              ; QSYS_NAME soc_system HAS_SOPCINFO 1 GENERATION_ID 1778268436             ; --            ; --                             ; --         ;
; SOPCINFO_FILE                         ; adcltc2308_controller/synthesis/../../adcltc2308_controller.sopcinfo     ; --            ; --                             ; --         ;
; SOPCINFO_FILE                         ; fft_core/synthesis/../../fft_core.sopcinfo                               ; --            ; --                             ; --         ;
; SOPCINFO_FILE                         ; soc_system/synthesis/../../soc_system.sopcinfo                           ; --            ; --                             ; --         ;
; SYNTHESIS_ONLY_QIP                    ; On                                                                       ; --            ; --                             ; --         ;
; SYNTHESIS_ONLY_QIP                    ; On                                                                       ; --            ; --                             ; --         ;
; SYNTHESIS_ONLY_QIP                    ; On                                                                       ; --            ; --                             ; --         ;
; SYNTHESIS_ONLY_QIP                    ; On                                                                       ; --            ; --                             ; --         ;
; TOP_LEVEL_ENTITY                      ; ghrd_top                                                                 ; soc_system    ; --                             ; --         ;
; USE_DLL_FREQUENCY_FOR_DQS_DELAY_CHAIN ; On                                                                       ; Off           ; --                             ; --         ;
; USE_SIGNALTAP_FILE                    ; stp1.stp                                                                 ; --            ; --                             ; --         ;
+---------------------------------------+--------------------------------------------------------------------------+---------------+--------------------------------+------------+


+--------------------------------------------------------------------------------------------------------------------------+
; Flow Elapsed Time                                                                                                        ;
+----------------------+--------------+-------------------------+---------------------+------------------------------------+
; Module Name          ; Elapsed Time ; Average Processors Used ; Peak Virtual Memory ; Total CPU Time (on all processors) ;
+----------------------+--------------+-------------------------+---------------------+------------------------------------+
; Analysis & Synthesis ; 00:01:30     ; 3.0                     ; 1439 MB             ; 00:04:01                           ;
; Fitter               ; 00:03:17     ; 1.7                     ; 3666 MB             ; 00:08:29                           ;
; Assembler            ; 00:00:13     ; 1.0                     ; 713 MB              ; 00:00:13                           ;
; Timing Analyzer      ; 00:00:37     ; 2.5                     ; 1701 MB             ; 00:01:26                           ;
; Total                ; 00:05:37     ; --                      ; --                  ; 00:14:09                           ;
+----------------------+--------------+-------------------------+---------------------+------------------------------------+


+----------------------------------------------------------------------------------------+
; Flow OS Summary                                                                        ;
+----------------------+------------------+----------------+------------+----------------+
; Module Name          ; Machine Hostname ; OS Name        ; OS Version ; Processor type ;
+----------------------+------------------+----------------+------------+----------------+
; Analysis & Synthesis ; LABPS-47723      ; Ubuntu 22.04.5 ; 22         ; x86_64         ;
; Fitter               ; LABPS-47723      ; Ubuntu 22.04.5 ; 22         ; x86_64         ;
; Assembler            ; LABPS-47723      ; Ubuntu 22.04.5 ; 22         ; x86_64         ;
; Timing Analyzer      ; LABPS-47723      ; Ubuntu 22.04.5 ; 22         ; x86_64         ;
+----------------------+------------------+----------------+------------+----------------+


------------
; Flow Log ;
------------
quartus_map --read_settings_files=on --write_settings_files=off soc_system -c soc_system
quartus_fit --read_settings_files=off --write_settings_files=off soc_system -c soc_system
quartus_asm --read_settings_files=off --write_settings_files=off soc_system -c soc_system
quartus_sta soc_system -c soc_system



