Info: Starting: Create block symbol file (.bsf)
Info: qsys-generate /home/coordenador/Documentos/validacao-final/morphe/Quartus/soc_system.qsys --block-symbol-file --output-directory=/home/coordenador/Documentos/validacao-final/morphe/Quartus/soc_system --family="Cyclone V" --part=5CSEMA5F31C6
Progress: Loading Quartus/soc_system.qsys
Progress: Reading input file
Progress: Adding clk_0 [clock_source 20.1]
Progress: Parameterizing module clk_0
Progress: Adding conv1d_done [altera_avalon_pio 20.1]
Progress: Parameterizing module conv1d_done
Progress: Adding conv1d_hn [altera_avalon_onchip_memory2 20.1]
Progress: Parameterizing module conv1d_hn
Progress: Adding conv1d_start [altera_avalon_pio 20.1]
Progress: Parameterizing module conv1d_start
Progress: Adding conv1d_xn [altera_avalon_onchip_memory2 20.1]
Progress: Parameterizing module conv1d_xn
Progress: Adding conv1d_yn [altera_avalon_onchip_memory2 20.1]
Progress: Parameterizing module conv1d_yn
Progress: Adding fft_bfp_exponent [altera_avalon_pio 20.1]
Progress: Parameterizing module fft_bfp_exponent
Progress: Adding fft_inverse [altera_avalon_pio 20.1]
Progress: Parameterizing module fft_inverse
Progress: Adding fft_wrapper_done [altera_avalon_pio 20.1]
Progress: Parameterizing module fft_wrapper_done
Progress: Adding fft_wrapper_start [altera_avalon_pio 20.1]
Progress: Parameterizing module fft_wrapper_start
Progress: Adding fft_xn_imag [altera_avalon_onchip_memory2 20.1]
Progress: Parameterizing module fft_xn_imag
Progress: Adding fft_xn_re [altera_avalon_onchip_memory2 20.1]
Progress: Parameterizing module fft_xn_re
Progress: Adding fft_yn_imag [altera_avalon_onchip_memory2 20.1]
Progress: Parameterizing module fft_yn_imag
Progress: Adding fft_yn_re [altera_avalon_onchip_memory2 20.1]
Progress: Parameterizing module fft_yn_re
Progress: Adding fir_done [altera_avalon_pio 20.1]
Progress: Parameterizing module fir_done
Progress: Adding fir_error [altera_avalon_pio 20.1]
Progress: Parameterizing module fir_error
Progress: Adding fir_hn [altera_avalon_onchip_memory2 20.1]
Progress: Parameterizing module fir_hn
Progress: Adding fir_start [altera_avalon_pio 20.1]
Progress: Parameterizing module fir_start
Progress: Adding fir_xn [altera_avalon_onchip_memory2 20.1]
Progress: Parameterizing module fir_xn
Progress: Adding fir_yn [altera_avalon_onchip_memory2 20.1]
Progress: Parameterizing module fir_yn
Progress: Adding fpga_only_master [altera_jtag_avalon_master 20.1]
Progress: Parameterizing module fpga_only_master
Progress: Adding hps_0 [altera_hps 20.1]
Progress: Parameterizing module hps_0
Progress: Adding hps_only_master [altera_jtag_avalon_master 20.1]
Progress: Parameterizing module hps_only_master
Progress: Adding intr_capturer_0 [intr_capturer 100.99.98.97]
Progress: Parameterizing module intr_capturer_0
Progress: Adding jtag_uart [altera_avalon_jtag_uart 20.1]
Progress: Parameterizing module jtag_uart
Progress: Adding onchip_memory2_0 [altera_avalon_onchip_memory2 20.1]
Progress: Parameterizing module onchip_memory2_0
Progress: Adding sysid_qsys [altera_avalon_sysid_qsys 20.1]
Progress: Parameterizing module sysid_qsys
Progress: Adding iir_xn [altera_avalon_onchip_memory2 20.1]
Progress: Parameterizing module iir_xn
Progress: Adding iir_yn [altera_avalon_onchip_memory2 20.1]
Progress: Parameterizing module iir_yn
Progress: Adding iir_coef [altera_avalon_onchip_memory2 20.1]
Progress: Parameterizing module iir_coef
Progress: Adding iir_start [altera_avalon_pio 20.1]
Progress: Parameterizing module iir_start
Progress: Adding iir_done [altera_avalon_pio 20.1]
Progress: Parameterizing module iir_done
Progress: Adding iir_error [altera_avalon_pio 20.1]
Progress: Parameterizing module iir_error
Progress: Adding iir_nsecoes [altera_avalon_pio 20.1]
Progress: Parameterizing module iir_nsecoes
Progress: Building connections
Progress: Parameterizing connections
Progress: Validating
Progress: Done reading input file
Info: soc_system.conv1d_done: PIO inputs are not hardwired in test bench. Undefined values will be read from PIO inputs during simulation.
Info: soc_system.fft_bfp_exponent: PIO inputs are not hardwired in test bench. Undefined values will be read from PIO inputs during simulation.
Info: soc_system.fft_wrapper_done: PIO inputs are not hardwired in test bench. Undefined values will be read from PIO inputs during simulation.
Info: soc_system.fir_done: PIO inputs are not hardwired in test bench. Undefined values will be read from PIO inputs during simulation.
Info: soc_system.fir_error: PIO inputs are not hardwired in test bench. Undefined values will be read from PIO inputs during simulation.
Info: soc_system.hps_0: HPS Main PLL counter settings: n = 0  m = 73
Info: soc_system.hps_0: HPS peripherial PLL counter settings: n = 0  m = 39
Info: soc_system.jtag_uart: JTAG UART IP input clock need to be at least double (2x) the operating frequency of JTAG TCK on board
Info: soc_system.sysid_qsys: System ID is not assigned automatically. Edit the System ID parameter to provide a unique ID
Info: soc_system.sysid_qsys: Time stamp will be automatically updated when this component is generated.
Info: soc_system.iir_done: PIO inputs are not hardwired in test bench. Undefined values will be read from PIO inputs during simulation.
Info: soc_system.iir_error: PIO inputs are not hardwired in test bench. Undefined values will be read from PIO inputs during simulation.
Info: qsys-generate succeeded.
Info: Stopping: Create block symbol file (.bsf)
