Info: Starting: Create block symbol file (.bsf)
Info: qsys-generate /home/coordenador/Documentos/validacao-final/morphe/Quartus/soc_system.qsys --block-symbol-file --output-directory=/home/coordenador/Documentos/validacao-final/morphe/Quartus/soc_system --family="Cyclone V" --part=5CSEMA5F31C6
Progress: Loading Quartus/soc_system.qsys
Progress: Reading input file
Progress: Adding clk_0 [clock_source 20.1]
Progress: Parameterizing module clk_0
Progress: Adding conv1d_done [altera_avalon_pio 20.1]
Progress: Parameterizing module conv1d_done
Progress: Adding conv1d_hn [altera_avalon_onchip_memory2 20.1]
Progress: Parameterizing module conv1d_hn
Progress: Adding conv1d_start [altera_avalon_pio 20.1]
Progress: Parameterizing module conv1d_start
Progress: Adding conv1d_xn [altera_avalon_onchip_memory2 20.1]
Progress: Parameterizing module conv1d_xn
Progress: Adding conv1d_yn [altera_avalon_onchip_memory2 20.1]
Progress: Parameterizing module conv1d_yn
Progress: Adding fft_bfp_exponent [altera_avalon_pio 20.1]
Progress: Parameterizing module fft_bfp_exponent
Progress: Adding fft_inverse [altera_avalon_pio 20.1]
Progress: Parameterizing module fft_inverse
Progress: Adding fft_wrapper_done [altera_avalon_pio 20.1]
Progress: Parameterizing module fft_wrapper_done
Progress: Adding fft_wrapper_start [altera_avalon_pio 20.1]
Progress: Parameterizing module fft_wrapper_start
Progress: Adding fft_xn_imag [altera_avalon_onchip_memory2 20.1]
Progress: Parameterizing module fft_xn_imag
Progress: Adding fft_xn_re [altera_avalon_onchip_memory2 20.1]
Progress: Parameterizing module fft_xn_re
Progress: Adding fft_yn_imag [altera_avalon_onchip_memory2 20.1]
Progress: Parameterizing module fft_yn_imag
Progress: Adding fft_yn_re [altera_avalon_onchip_memory2 20.1]
Progress: Parameterizing module fft_yn_re
Progress: Adding fir_done [altera_avalon_pio 20.1]
Progress: Parameterizing module fir_done
Progress: Adding fir_error [altera_avalon_pio 20.1]
Progress: Parameterizing module fir_error
Progress: Adding fir_hn [altera_avalon_onchip_memory2 20.1]
Progress: Parameterizing module fir_hn
Progress: Adding fir_start [altera_avalon_pio 20.1]
Progress: Parameterizing module fir_start
Progress: Adding fir_xn [altera_avalon_onchip_memory2 20.1]
Progress: Parameterizing module fir_xn
Progress: Adding fir_yn [altera_avalon_onchip_memory2 20.1]
Progress: Parameterizing module fir_yn
Progress: Adding fpga_only_master [altera_jtag_avalon_master 20.1]
Progress: Parameterizing module fpga_only_master
Progress: Adding hps_0 [altera_hps 20.1]
Progress: Parameterizing module hps_0
Progress: Adding hps_only_master [altera_jtag_avalon_master 20.1]
Progress: Parameterizing module hps_only_master
Progress: Adding intr_capturer_0 [intr_capturer 100.99.98.97]
Progress: Parameterizing module intr_capturer_0
Progress: Adding jtag_uart [altera_avalon_jtag_uart 20.1]
Progress: Parameterizing module jtag_uart
Progress: Adding onchip_memory2_0 [altera_avalon_onchip_memory2 20.1]
Progress: Parameterizing module onchip_memory2_0
Progress: Adding sysid_qsys [altera_avalon_sysid_qsys 20.1]
Progress: Parameterizing module sysid_qsys
Progress: Adding iir_xn [altera_avalon_onchip_memory2 20.1]
Progress: Parameterizing module iir_xn
Progress: Adding iir_yn [altera_avalon_onchip_memory2 20.1]
Progress: Parameterizing module iir_yn
Progress: Adding iir_coef [altera_avalon_onchip_memory2 20.1]
Progress: Parameterizing module iir_coef
Progress: Adding iir_start [altera_avalon_pio 20.1]
Progress: Parameterizing module iir_start
Progress: Adding iir_done [altera_avalon_pio 20.1]
Progress: Parameterizing module iir_done
Progress: Adding iir_error [altera_avalon_pio 20.1]
Progress: Parameterizing module iir_error
Progress: Adding iir_nsecoes [altera_avalon_pio 20.1]
Progress: Parameterizing module iir_nsecoes
Progress: Building connections
Progress: Parameterizing connections
Progress: Validating
Progress: Done reading input file
Info: soc_system.conv1d_done: PIO inputs are not hardwired in test bench. Undefined values will be read from PIO inputs during simulation.
Info: soc_system.fft_bfp_exponent: PIO inputs are not hardwired in test bench. Undefined values will be read from PIO inputs during simulation.
Info: soc_system.fft_wrapper_done: PIO inputs are not hardwired in test bench. Undefined values will be read from PIO inputs during simulation.
Info: soc_system.fir_done: PIO inputs are not hardwired in test bench. Undefined values will be read from PIO inputs during simulation.
Info: soc_system.fir_error: PIO inputs are not hardwired in test bench. Undefined values will be read from PIO inputs during simulation.
Info: soc_system.hps_0: HPS Main PLL counter settings: n = 0  m = 73
Info: soc_system.hps_0: HPS peripherial PLL counter settings: n = 0  m = 39
Info: soc_system.jtag_uart: JTAG UART IP input clock need to be at least double (2x) the operating frequency of JTAG TCK on board
Info: soc_system.sysid_qsys: System ID is not assigned automatically. Edit the System ID parameter to provide a unique ID
Info: soc_system.sysid_qsys: Time stamp will be automatically updated when this component is generated.
Info: soc_system.iir_done: PIO inputs are not hardwired in test bench. Undefined values will be read from PIO inputs during simulation.
Info: soc_system.iir_error: PIO inputs are not hardwired in test bench. Undefined values will be read from PIO inputs during simulation.
Info: qsys-generate succeeded.
Info: Finished: Create block symbol file (.bsf)
Info: 
Info: Starting: Create HDL design files for synthesis
Info: qsys-generate /home/coordenador/Documentos/validacao-final/morphe/Quartus/soc_system.qsys --synthesis=VERILOG --output-directory=/home/coordenador/Documentos/validacao-final/morphe/Quartus/soc_system/synthesis --family="Cyclone V" --part=5CSEMA5F31C6
Progress: Loading Quartus/soc_system.qsys
Progress: Reading input file
Progress: Adding clk_0 [clock_source 20.1]
Progress: Parameterizing module clk_0
Progress: Adding conv1d_done [altera_avalon_pio 20.1]
Progress: Parameterizing module conv1d_done
Progress: Adding conv1d_hn [altera_avalon_onchip_memory2 20.1]
Progress: Parameterizing module conv1d_hn
Progress: Adding conv1d_start [altera_avalon_pio 20.1]
Progress: Parameterizing module conv1d_start
Progress: Adding conv1d_xn [altera_avalon_onchip_memory2 20.1]
Progress: Parameterizing module conv1d_xn
Progress: Adding conv1d_yn [altera_avalon_onchip_memory2 20.1]
Progress: Parameterizing module conv1d_yn
Progress: Adding fft_bfp_exponent [altera_avalon_pio 20.1]
Progress: Parameterizing module fft_bfp_exponent
Progress: Adding fft_inverse [altera_avalon_pio 20.1]
Progress: Parameterizing module fft_inverse
Progress: Adding fft_wrapper_done [altera_avalon_pio 20.1]
Progress: Parameterizing module fft_wrapper_done
Progress: Adding fft_wrapper_start [altera_avalon_pio 20.1]
Progress: Parameterizing module fft_wrapper_start
Progress: Adding fft_xn_imag [altera_avalon_onchip_memory2 20.1]
Progress: Parameterizing module fft_xn_imag
Progress: Adding fft_xn_re [altera_avalon_onchip_memory2 20.1]
Progress: Parameterizing module fft_xn_re
Progress: Adding fft_yn_imag [altera_avalon_onchip_memory2 20.1]
Progress: Parameterizing module fft_yn_imag
Progress: Adding fft_yn_re [altera_avalon_onchip_memory2 20.1]
Progress: Parameterizing module fft_yn_re
Progress: Adding fir_done [altera_avalon_pio 20.1]
Progress: Parameterizing module fir_done
Progress: Adding fir_error [altera_avalon_pio 20.1]
Progress: Parameterizing module fir_error
Progress: Adding fir_hn [altera_avalon_onchip_memory2 20.1]
Progress: Parameterizing module fir_hn
Progress: Adding fir_start [altera_avalon_pio 20.1]
Progress: Parameterizing module fir_start
Progress: Adding fir_xn [altera_avalon_onchip_memory2 20.1]
Progress: Parameterizing module fir_xn
Progress: Adding fir_yn [altera_avalon_onchip_memory2 20.1]
Progress: Parameterizing module fir_yn
Progress: Adding fpga_only_master [altera_jtag_avalon_master 20.1]
Progress: Parameterizing module fpga_only_master
Progress: Adding hps_0 [altera_hps 20.1]
Progress: Parameterizing module hps_0
Progress: Adding hps_only_master [altera_jtag_avalon_master 20.1]
Progress: Parameterizing module hps_only_master
Progress: Adding intr_capturer_0 [intr_capturer 100.99.98.97]
Progress: Parameterizing module intr_capturer_0
Progress: Adding jtag_uart [altera_avalon_jtag_uart 20.1]
Progress: Parameterizing module jtag_uart
Progress: Adding onchip_memory2_0 [altera_avalon_onchip_memory2 20.1]
Progress: Parameterizing module onchip_memory2_0
Progress: Adding sysid_qsys [altera_avalon_sysid_qsys 20.1]
Progress: Parameterizing module sysid_qsys
Progress: Adding iir_xn [altera_avalon_onchip_memory2 20.1]
Progress: Parameterizing module iir_xn
Progress: Adding iir_yn [altera_avalon_onchip_memory2 20.1]
Progress: Parameterizing module iir_yn
Progress: Adding iir_coef [altera_avalon_onchip_memory2 20.1]
Progress: Parameterizing module iir_coef
Progress: Adding iir_start [altera_avalon_pio 20.1]
Progress: Parameterizing module iir_start
Progress: Adding iir_done [altera_avalon_pio 20.1]
Progress: Parameterizing module iir_done
Progress: Adding iir_error [altera_avalon_pio 20.1]
Progress: Parameterizing module iir_error
Progress: Adding iir_nsecoes [altera_avalon_pio 20.1]
Progress: Parameterizing module iir_nsecoes
Progress: Building connections
Progress: Parameterizing connections
Progress: Validating
Progress: Done reading input file
Info: soc_system.conv1d_done: PIO inputs are not hardwired in test bench. Undefined values will be read from PIO inputs during simulation.
Info: soc_system.fft_bfp_exponent: PIO inputs are not hardwired in test bench. Undefined values will be read from PIO inputs during simulation.
Info: soc_system.fft_wrapper_done: PIO inputs are not hardwired in test bench. Undefined values will be read from PIO inputs during simulation.
Info: soc_system.fir_done: PIO inputs are not hardwired in test bench. Undefined values will be read from PIO inputs during simulation.
Info: soc_system.fir_error: PIO inputs are not hardwired in test bench. Undefined values will be read from PIO inputs during simulation.
Info: soc_system.hps_0: HPS Main PLL counter settings: n = 0  m = 73
Info: soc_system.hps_0: HPS peripherial PLL counter settings: n = 0  m = 39
Info: soc_system.jtag_uart: JTAG UART IP input clock need to be at least double (2x) the operating frequency of JTAG TCK on board
Info: soc_system.sysid_qsys: System ID is not assigned automatically. Edit the System ID parameter to provide a unique ID
Info: soc_system.sysid_qsys: Time stamp will be automatically updated when this component is generated.
Info: soc_system.iir_done: PIO inputs are not hardwired in test bench. Undefined values will be read from PIO inputs during simulation.
Info: soc_system.iir_error: PIO inputs are not hardwired in test bench. Undefined values will be read from PIO inputs during simulation.
Info: soc_system: Generating soc_system "soc_system" for QUARTUS_SYNTH
Info: Interconnect is inserted between master hps_only_master.master and slave hps_0.f2h_axi_slave because the master is of type avalon and the slave is of type axi.
Warning: hps_0.f2h_irq0: Cannot connect clock for irq_mapper.sender
Warning: hps_0.f2h_irq0: Cannot connect reset for irq_mapper.sender
Warning: hps_0.f2h_irq1: Cannot connect clock for irq_mapper_001.sender
Warning: hps_0.f2h_irq1: Cannot connect reset for irq_mapper_001.sender
Info: conv1d_done: Starting RTL generation for module 'soc_system_conv1d_done'
Info: conv1d_done:   Generation command is [exec /home/coordenador/intelFPGA_lite/20.1/quartus/linux64/perl/bin/perl -I /home/coordenador/intelFPGA_lite/20.1/quartus/linux64/perl/lib -I /home/coordenador/intelFPGA_lite/20.1/quartus/sopc_builder/bin/europa -I /home/coordenador/intelFPGA_lite/20.1/quartus/sopc_builder/bin -I /home/coordenador/intelFPGA_lite/20.1/quartus/../ip/altera/sopc_builder_ip/common -I /home/coordenador/intelFPGA_lite/20.1/quartus/../ip/altera/sopc_builder_ip/altera_avalon_pio -- /home/coordenador/intelFPGA_lite/20.1/quartus/../ip/altera/sopc_builder_ip/altera_avalon_pio/generate_rtl.pl --name=soc_system_conv1d_done --dir=/tmp/alt0710_3862930831480057559.dir/0002_conv1d_done_gen/ --quartus_dir=/home/coordenador/intelFPGA_lite/20.1/quartus --verilog --config=/tmp/alt0710_3862930831480057559.dir/0002_conv1d_done_gen//soc_system_conv1d_done_component_configuration.pl  --do_build_sim=0  ]
Info: conv1d_done: Done RTL generation for module 'soc_system_conv1d_done'
Info: conv1d_done: "soc_system" instantiated altera_avalon_pio "conv1d_done"
Info: conv1d_hn: Starting RTL generation for module 'soc_system_conv1d_hn'
Info: conv1d_hn:   Generation command is [exec /home/coordenador/intelFPGA_lite/20.1/quartus/linux64/perl/bin/perl -I /home/coordenador/intelFPGA_lite/20.1/quartus/linux64/perl/lib -I /home/coordenador/intelFPGA_lite/20.1/quartus/sopc_builder/bin/europa -I /home/coordenador/intelFPGA_lite/20.1/quartus/sopc_builder/bin -I /home/coordenador/intelFPGA_lite/20.1/quartus/../ip/altera/sopc_builder_ip/common -I /home/coordenador/intelFPGA_lite/20.1/quartus/../ip/altera/sopc_builder_ip/altera_avalon_onchip_memory2 -- /home/coordenador/intelFPGA_lite/20.1/quartus/../ip/altera/sopc_builder_ip/altera_avalon_onchip_memory2/generate_rtl.pl --name=soc_system_conv1d_hn --dir=/tmp/alt0710_3862930831480057559.dir/0003_conv1d_hn_gen/ --quartus_dir=/home/coordenador/intelFPGA_lite/20.1/quartus --verilog --config=/tmp/alt0710_3862930831480057559.dir/0003_conv1d_hn_gen//soc_system_conv1d_hn_component_configuration.pl  --do_build_sim=0  ]
Info: conv1d_hn: Done RTL generation for module 'soc_system_conv1d_hn'
Info: conv1d_hn: "soc_system" instantiated altera_avalon_onchip_memory2 "conv1d_hn"
Info: conv1d_start: Starting RTL generation for module 'soc_system_conv1d_start'
Info: conv1d_start:   Generation command is [exec /home/coordenador/intelFPGA_lite/20.1/quartus/linux64/perl/bin/perl -I /home/coordenador/intelFPGA_lite/20.1/quartus/linux64/perl/lib -I /home/coordenador/intelFPGA_lite/20.1/quartus/sopc_builder/bin/europa -I /home/coordenador/intelFPGA_lite/20.1/quartus/sopc_builder/bin -I /home/coordenador/intelFPGA_lite/20.1/quartus/../ip/altera/sopc_builder_ip/common -I /home/coordenador/intelFPGA_lite/20.1/quartus/../ip/altera/sopc_builder_ip/altera_avalon_pio -- /home/coordenador/intelFPGA_lite/20.1/quartus/../ip/altera/sopc_builder_ip/altera_avalon_pio/generate_rtl.pl --name=soc_system_conv1d_start --dir=/tmp/alt0710_3862930831480057559.dir/0004_conv1d_start_gen/ --quartus_dir=/home/coordenador/intelFPGA_lite/20.1/quartus --verilog --config=/tmp/alt0710_3862930831480057559.dir/0004_conv1d_start_gen//soc_system_conv1d_start_component_configuration.pl  --do_build_sim=0  ]
Info: conv1d_start: Done RTL generation for module 'soc_system_conv1d_start'
Info: conv1d_start: "soc_system" instantiated altera_avalon_pio "conv1d_start"
Info: conv1d_xn: Starting RTL generation for module 'soc_system_conv1d_xn'
Info: conv1d_xn:   Generation command is [exec /home/coordenador/intelFPGA_lite/20.1/quartus/linux64/perl/bin/perl -I /home/coordenador/intelFPGA_lite/20.1/quartus/linux64/perl/lib -I /home/coordenador/intelFPGA_lite/20.1/quartus/sopc_builder/bin/europa -I /home/coordenador/intelFPGA_lite/20.1/quartus/sopc_builder/bin -I /home/coordenador/intelFPGA_lite/20.1/quartus/../ip/altera/sopc_builder_ip/common -I /home/coordenador/intelFPGA_lite/20.1/quartus/../ip/altera/sopc_builder_ip/altera_avalon_onchip_memory2 -- /home/coordenador/intelFPGA_lite/20.1/quartus/../ip/altera/sopc_builder_ip/altera_avalon_onchip_memory2/generate_rtl.pl --name=soc_system_conv1d_xn --dir=/tmp/alt0710_3862930831480057559.dir/0005_conv1d_xn_gen/ --quartus_dir=/home/coordenador/intelFPGA_lite/20.1/quartus --verilog --config=/tmp/alt0710_3862930831480057559.dir/0005_conv1d_xn_gen//soc_system_conv1d_xn_component_configuration.pl  --do_build_sim=0  ]
Info: conv1d_xn: Done RTL generation for module 'soc_system_conv1d_xn'
Info: conv1d_xn: "soc_system" instantiated altera_avalon_onchip_memory2 "conv1d_xn"
Info: conv1d_yn: Starting RTL generation for module 'soc_system_conv1d_yn'
Info: conv1d_yn:   Generation command is [exec /home/coordenador/intelFPGA_lite/20.1/quartus/linux64/perl/bin/perl -I /home/coordenador/intelFPGA_lite/20.1/quartus/linux64/perl/lib -I /home/coordenador/intelFPGA_lite/20.1/quartus/sopc_builder/bin/europa -I /home/coordenador/intelFPGA_lite/20.1/quartus/sopc_builder/bin -I /home/coordenador/intelFPGA_lite/20.1/quartus/../ip/altera/sopc_builder_ip/common -I /home/coordenador/intelFPGA_lite/20.1/quartus/../ip/altera/sopc_builder_ip/altera_avalon_onchip_memory2 -- /home/coordenador/intelFPGA_lite/20.1/quartus/../ip/altera/sopc_builder_ip/altera_avalon_onchip_memory2/generate_rtl.pl --name=soc_system_conv1d_yn --dir=/tmp/alt0710_3862930831480057559.dir/0006_conv1d_yn_gen/ --quartus_dir=/home/coordenador/intelFPGA_lite/20.1/quartus --verilog --config=/tmp/alt0710_3862930831480057559.dir/0006_conv1d_yn_gen//soc_system_conv1d_yn_component_configuration.pl  --do_build_sim=0  ]
Info: conv1d_yn: Done RTL generation for module 'soc_system_conv1d_yn'
Info: conv1d_yn: "soc_system" instantiated altera_avalon_onchip_memory2 "conv1d_yn"
Info: fft_bfp_exponent: Starting RTL generation for module 'soc_system_fft_bfp_exponent'
Info: fft_bfp_exponent:   Generation command is [exec /home/coordenador/intelFPGA_lite/20.1/quartus/linux64/perl/bin/perl -I /home/coordenador/intelFPGA_lite/20.1/quartus/linux64/perl/lib -I /home/coordenador/intelFPGA_lite/20.1/quartus/sopc_builder/bin/europa -I /home/coordenador/intelFPGA_lite/20.1/quartus/sopc_builder/bin -I /home/coordenador/intelFPGA_lite/20.1/quartus/../ip/altera/sopc_builder_ip/common -I /home/coordenador/intelFPGA_lite/20.1/quartus/../ip/altera/sopc_builder_ip/altera_avalon_pio -- /home/coordenador/intelFPGA_lite/20.1/quartus/../ip/altera/sopc_builder_ip/altera_avalon_pio/generate_rtl.pl --name=soc_system_fft_bfp_exponent --dir=/tmp/alt0710_3862930831480057559.dir/0007_fft_bfp_exponent_gen/ --quartus_dir=/home/coordenador/intelFPGA_lite/20.1/quartus --verilog --config=/tmp/alt0710_3862930831480057559.dir/0007_fft_bfp_exponent_gen//soc_system_fft_bfp_exponent_component_configuration.pl  --do_build_sim=0  ]
Info: fft_bfp_exponent: Done RTL generation for module 'soc_system_fft_bfp_exponent'
Info: fft_bfp_exponent: "soc_system" instantiated altera_avalon_pio "fft_bfp_exponent"
Info: fft_xn_imag: Starting RTL generation for module 'soc_system_fft_xn_imag'
Info: fft_xn_imag:   Generation command is [exec /home/coordenador/intelFPGA_lite/20.1/quartus/linux64/perl/bin/perl -I /home/coordenador/intelFPGA_lite/20.1/quartus/linux64/perl/lib -I /home/coordenador/intelFPGA_lite/20.1/quartus/sopc_builder/bin/europa -I /home/coordenador/intelFPGA_lite/20.1/quartus/sopc_builder/bin -I /home/coordenador/intelFPGA_lite/20.1/quartus/../ip/altera/sopc_builder_ip/common -I /home/coordenador/intelFPGA_lite/20.1/quartus/../ip/altera/sopc_builder_ip/altera_avalon_onchip_memory2 -- /home/coordenador/intelFPGA_lite/20.1/quartus/../ip/altera/sopc_builder_ip/altera_avalon_onchip_memory2/generate_rtl.pl --name=soc_system_fft_xn_imag --dir=/tmp/alt0710_3862930831480057559.dir/0008_fft_xn_imag_gen/ --quartus_dir=/home/coordenador/intelFPGA_lite/20.1/quartus --verilog --config=/tmp/alt0710_3862930831480057559.dir/0008_fft_xn_imag_gen//soc_system_fft_xn_imag_component_configuration.pl  --do_build_sim=0  ]
Info: fft_xn_imag: Done RTL generation for module 'soc_system_fft_xn_imag'
Info: fft_xn_imag: "soc_system" instantiated altera_avalon_onchip_memory2 "fft_xn_imag"
Info: fft_xn_re: Starting RTL generation for module 'soc_system_fft_xn_re'
Info: fft_xn_re:   Generation command is [exec /home/coordenador/intelFPGA_lite/20.1/quartus/linux64/perl/bin/perl -I /home/coordenador/intelFPGA_lite/20.1/quartus/linux64/perl/lib -I /home/coordenador/intelFPGA_lite/20.1/quartus/sopc_builder/bin/europa -I /home/coordenador/intelFPGA_lite/20.1/quartus/sopc_builder/bin -I /home/coordenador/intelFPGA_lite/20.1/quartus/../ip/altera/sopc_builder_ip/common -I /home/coordenador/intelFPGA_lite/20.1/quartus/../ip/altera/sopc_builder_ip/altera_avalon_onchip_memory2 -- /home/coordenador/intelFPGA_lite/20.1/quartus/../ip/altera/sopc_builder_ip/altera_avalon_onchip_memory2/generate_rtl.pl --name=soc_system_fft_xn_re --dir=/tmp/alt0710_3862930831480057559.dir/0009_fft_xn_re_gen/ --quartus_dir=/home/coordenador/intelFPGA_lite/20.1/quartus --verilog --config=/tmp/alt0710_3862930831480057559.dir/0009_fft_xn_re_gen//soc_system_fft_xn_re_component_configuration.pl  --do_build_sim=0  ]
Info: fft_xn_re: Done RTL generation for module 'soc_system_fft_xn_re'
Info: fft_xn_re: "soc_system" instantiated altera_avalon_onchip_memory2 "fft_xn_re"
Info: fft_yn_imag: Starting RTL generation for module 'soc_system_fft_yn_imag'
Info: fft_yn_imag:   Generation command is [exec /home/coordenador/intelFPGA_lite/20.1/quartus/linux64/perl/bin/perl -I /home/coordenador/intelFPGA_lite/20.1/quartus/linux64/perl/lib -I /home/coordenador/intelFPGA_lite/20.1/quartus/sopc_builder/bin/europa -I /home/coordenador/intelFPGA_lite/20.1/quartus/sopc_builder/bin -I /home/coordenador/intelFPGA_lite/20.1/quartus/../ip/altera/sopc_builder_ip/common -I /home/coordenador/intelFPGA_lite/20.1/quartus/../ip/altera/sopc_builder_ip/altera_avalon_onchip_memory2 -- /home/coordenador/intelFPGA_lite/20.1/quartus/../ip/altera/sopc_builder_ip/altera_avalon_onchip_memory2/generate_rtl.pl --name=soc_system_fft_yn_imag --dir=/tmp/alt0710_3862930831480057559.dir/0010_fft_yn_imag_gen/ --quartus_dir=/home/coordenador/intelFPGA_lite/20.1/quartus --verilog --config=/tmp/alt0710_3862930831480057559.dir/0010_fft_yn_imag_gen//soc_system_fft_yn_imag_component_configuration.pl  --do_build_sim=0  ]
Info: fft_yn_imag: Done RTL generation for module 'soc_system_fft_yn_imag'
Info: fft_yn_imag: "soc_system" instantiated altera_avalon_onchip_memory2 "fft_yn_imag"
Info: fft_yn_re: Starting RTL generation for module 'soc_system_fft_yn_re'
Info: fft_yn_re:   Generation command is [exec /home/coordenador/intelFPGA_lite/20.1/quartus/linux64/perl/bin/perl -I /home/coordenador/intelFPGA_lite/20.1/quartus/linux64/perl/lib -I /home/coordenador/intelFPGA_lite/20.1/quartus/sopc_builder/bin/europa -I /home/coordenador/intelFPGA_lite/20.1/quartus/sopc_builder/bin -I /home/coordenador/intelFPGA_lite/20.1/quartus/../ip/altera/sopc_builder_ip/common -I /home/coordenador/intelFPGA_lite/20.1/quartus/../ip/altera/sopc_builder_ip/altera_avalon_onchip_memory2 -- /home/coordenador/intelFPGA_lite/20.1/quartus/../ip/altera/sopc_builder_ip/altera_avalon_onchip_memory2/generate_rtl.pl --name=soc_system_fft_yn_re --dir=/tmp/alt0710_3862930831480057559.dir/0011_fft_yn_re_gen/ --quartus_dir=/home/coordenador/intelFPGA_lite/20.1/quartus --verilog --config=/tmp/alt0710_3862930831480057559.dir/0011_fft_yn_re_gen//soc_system_fft_yn_re_component_configuration.pl  --do_build_sim=0  ]
Info: fft_yn_re: Done RTL generation for module 'soc_system_fft_yn_re'
Info: fft_yn_re: "soc_system" instantiated altera_avalon_onchip_memory2 "fft_yn_re"
Info: fir_hn: Starting RTL generation for module 'soc_system_fir_hn'
Info: fir_hn:   Generation command is [exec /home/coordenador/intelFPGA_lite/20.1/quartus/linux64/perl/bin/perl -I /home/coordenador/intelFPGA_lite/20.1/quartus/linux64/perl/lib -I /home/coordenador/intelFPGA_lite/20.1/quartus/sopc_builder/bin/europa -I /home/coordenador/intelFPGA_lite/20.1/quartus/sopc_builder/bin -I /home/coordenador/intelFPGA_lite/20.1/quartus/../ip/altera/sopc_builder_ip/common -I /home/coordenador/intelFPGA_lite/20.1/quartus/../ip/altera/sopc_builder_ip/altera_avalon_onchip_memory2 -- /home/coordenador/intelFPGA_lite/20.1/quartus/../ip/altera/sopc_builder_ip/altera_avalon_onchip_memory2/generate_rtl.pl --name=soc_system_fir_hn --dir=/tmp/alt0710_3862930831480057559.dir/0012_fir_hn_gen/ --quartus_dir=/home/coordenador/intelFPGA_lite/20.1/quartus --verilog --config=/tmp/alt0710_3862930831480057559.dir/0012_fir_hn_gen//soc_system_fir_hn_component_configuration.pl  --do_build_sim=0  ]
Info: fir_hn: Done RTL generation for module 'soc_system_fir_hn'
Info: fir_hn: "soc_system" instantiated altera_avalon_onchip_memory2 "fir_hn"
Info: fir_xn: Starting RTL generation for module 'soc_system_fir_xn'
Info: fir_xn:   Generation command is [exec /home/coordenador/intelFPGA_lite/20.1/quartus/linux64/perl/bin/perl -I /home/coordenador/intelFPGA_lite/20.1/quartus/linux64/perl/lib -I /home/coordenador/intelFPGA_lite/20.1/quartus/sopc_builder/bin/europa -I /home/coordenador/intelFPGA_lite/20.1/quartus/sopc_builder/bin -I /home/coordenador/intelFPGA_lite/20.1/quartus/../ip/altera/sopc_builder_ip/common -I /home/coordenador/intelFPGA_lite/20.1/quartus/../ip/altera/sopc_builder_ip/altera_avalon_onchip_memory2 -- /home/coordenador/intelFPGA_lite/20.1/quartus/../ip/altera/sopc_builder_ip/altera_avalon_onchip_memory2/generate_rtl.pl --name=soc_system_fir_xn --dir=/tmp/alt0710_3862930831480057559.dir/0013_fir_xn_gen/ --quartus_dir=/home/coordenador/intelFPGA_lite/20.1/quartus --verilog --config=/tmp/alt0710_3862930831480057559.dir/0013_fir_xn_gen//soc_system_fir_xn_component_configuration.pl  --do_build_sim=0  ]
Info: fir_xn: Done RTL generation for module 'soc_system_fir_xn'
Info: fir_xn: "soc_system" instantiated altera_avalon_onchip_memory2 "fir_xn"
Info: fir_yn: Starting RTL generation for module 'soc_system_fir_yn'
Info: fir_yn:   Generation command is [exec /home/coordenador/intelFPGA_lite/20.1/quartus/linux64/perl/bin/perl -I /home/coordenador/intelFPGA_lite/20.1/quartus/linux64/perl/lib -I /home/coordenador/intelFPGA_lite/20.1/quartus/sopc_builder/bin/europa -I /home/coordenador/intelFPGA_lite/20.1/quartus/sopc_builder/bin -I /home/coordenador/intelFPGA_lite/20.1/quartus/../ip/altera/sopc_builder_ip/common -I /home/coordenador/intelFPGA_lite/20.1/quartus/../ip/altera/sopc_builder_ip/altera_avalon_onchip_memory2 -- /home/coordenador/intelFPGA_lite/20.1/quartus/../ip/altera/sopc_builder_ip/altera_avalon_onchip_memory2/generate_rtl.pl --name=soc_system_fir_yn --dir=/tmp/alt0710_3862930831480057559.dir/0014_fir_yn_gen/ --quartus_dir=/home/coordenador/intelFPGA_lite/20.1/quartus --verilog --config=/tmp/alt0710_3862930831480057559.dir/0014_fir_yn_gen//soc_system_fir_yn_component_configuration.pl  --do_build_sim=0  ]
Info: fir_yn: Done RTL generation for module 'soc_system_fir_yn'
Info: fir_yn: "soc_system" instantiated altera_avalon_onchip_memory2 "fir_yn"
Info: fpga_only_master: "soc_system" instantiated altera_jtag_avalon_master "fpga_only_master"
Info: hps_0: "Running  for module: hps_0"
Info: hps_0: HPS Main PLL counter settings: n = 0  m = 73
Info: hps_0: HPS peripherial PLL counter settings: n = 0  m = 39
Info: hps_0: "soc_system" instantiated altera_hps "hps_0"
Info: intr_capturer_0: "soc_system" instantiated intr_capturer "intr_capturer_0"
Info: jtag_uart: Starting RTL generation for module 'soc_system_jtag_uart'
Info: jtag_uart:   Generation command is [exec /home/coordenador/intelFPGA_lite/20.1/quartus/linux64/perl/bin/perl -I /home/coordenador/intelFPGA_lite/20.1/quartus/linux64/perl/lib -I /home/coordenador/intelFPGA_lite/20.1/quartus/sopc_builder/bin/europa -I /home/coordenador/intelFPGA_lite/20.1/quartus/sopc_builder/bin -I /home/coordenador/intelFPGA_lite/20.1/quartus/../ip/altera/sopc_builder_ip/common -I /home/coordenador/intelFPGA_lite/20.1/quartus/../ip/altera/sopc_builder_ip/altera_avalon_jtag_uart -- /home/coordenador/intelFPGA_lite/20.1/quartus/../ip/altera/sopc_builder_ip/altera_avalon_jtag_uart/generate_rtl.pl --name=soc_system_jtag_uart --dir=/tmp/alt0710_3862930831480057559.dir/0016_jtag_uart_gen/ --quartus_dir=/home/coordenador/intelFPGA_lite/20.1/quartus --verilog --config=/tmp/alt0710_3862930831480057559.dir/0016_jtag_uart_gen//soc_system_jtag_uart_component_configuration.pl  --do_build_sim=0  ]
Info: jtag_uart: Done RTL generation for module 'soc_system_jtag_uart'
Info: jtag_uart: "soc_system" instantiated altera_avalon_jtag_uart "jtag_uart"
Info: onchip_memory2_0: Starting RTL generation for module 'soc_system_onchip_memory2_0'
Info: onchip_memory2_0:   Generation command is [exec /home/coordenador/intelFPGA_lite/20.1/quartus/linux64/perl/bin/perl -I /home/coordenador/intelFPGA_lite/20.1/quartus/linux64/perl/lib -I /home/coordenador/intelFPGA_lite/20.1/quartus/sopc_builder/bin/europa -I /home/coordenador/intelFPGA_lite/20.1/quartus/sopc_builder/bin -I /home/coordenador/intelFPGA_lite/20.1/quartus/../ip/altera/sopc_builder_ip/common -I /home/coordenador/intelFPGA_lite/20.1/quartus/../ip/altera/sopc_builder_ip/altera_avalon_onchip_memory2 -- /home/coordenador/intelFPGA_lite/20.1/quartus/../ip/altera/sopc_builder_ip/altera_avalon_onchip_memory2/generate_rtl.pl --name=soc_system_onchip_memory2_0 --dir=/tmp/alt0710_3862930831480057559.dir/0017_onchip_memory2_0_gen/ --quartus_dir=/home/coordenador/intelFPGA_lite/20.1/quartus --verilog --config=/tmp/alt0710_3862930831480057559.dir/0017_onchip_memory2_0_gen//soc_system_onchip_memory2_0_component_configuration.pl  --do_build_sim=0  ]
Info: onchip_memory2_0: Done RTL generation for module 'soc_system_onchip_memory2_0'
Info: onchip_memory2_0: "soc_system" instantiated altera_avalon_onchip_memory2 "onchip_memory2_0"
Info: sysid_qsys: "soc_system" instantiated altera_avalon_sysid_qsys "sysid_qsys"
Info: iir_xn: Starting RTL generation for module 'soc_system_iir_xn'
Info: iir_xn:   Generation command is [exec /home/coordenador/intelFPGA_lite/20.1/quartus/linux64/perl/bin/perl -I /home/coordenador/intelFPGA_lite/20.1/quartus/linux64/perl/lib -I /home/coordenador/intelFPGA_lite/20.1/quartus/sopc_builder/bin/europa -I /home/coordenador/intelFPGA_lite/20.1/quartus/sopc_builder/bin -I /home/coordenador/intelFPGA_lite/20.1/quartus/../ip/altera/sopc_builder_ip/common -I /home/coordenador/intelFPGA_lite/20.1/quartus/../ip/altera/sopc_builder_ip/altera_avalon_onchip_memory2 -- /home/coordenador/intelFPGA_lite/20.1/quartus/../ip/altera/sopc_builder_ip/altera_avalon_onchip_memory2/generate_rtl.pl --name=soc_system_iir_xn --dir=/tmp/alt0710_3862930831480057559.dir/0019_iir_xn_gen/ --quartus_dir=/home/coordenador/intelFPGA_lite/20.1/quartus --verilog --config=/tmp/alt0710_3862930831480057559.dir/0019_iir_xn_gen//soc_system_iir_xn_component_configuration.pl  --do_build_sim=0  ]
Info: iir_xn: Done RTL generation for module 'soc_system_iir_xn'
Info: iir_xn: "soc_system" instantiated altera_avalon_onchip_memory2 "iir_xn"
Info: iir_yn: Starting RTL generation for module 'soc_system_iir_yn'
Info: iir_yn:   Generation command is [exec /home/coordenador/intelFPGA_lite/20.1/quartus/linux64/perl/bin/perl -I /home/coordenador/intelFPGA_lite/20.1/quartus/linux64/perl/lib -I /home/coordenador/intelFPGA_lite/20.1/quartus/sopc_builder/bin/europa -I /home/coordenador/intelFPGA_lite/20.1/quartus/sopc_builder/bin -I /home/coordenador/intelFPGA_lite/20.1/quartus/../ip/altera/sopc_builder_ip/common -I /home/coordenador/intelFPGA_lite/20.1/quartus/../ip/altera/sopc_builder_ip/altera_avalon_onchip_memory2 -- /home/coordenador/intelFPGA_lite/20.1/quartus/../ip/altera/sopc_builder_ip/altera_avalon_onchip_memory2/generate_rtl.pl --name=soc_system_iir_yn --dir=/tmp/alt0710_3862930831480057559.dir/0020_iir_yn_gen/ --quartus_dir=/home/coordenador/intelFPGA_lite/20.1/quartus --verilog --config=/tmp/alt0710_3862930831480057559.dir/0020_iir_yn_gen//soc_system_iir_yn_component_configuration.pl  --do_build_sim=0  ]
Info: iir_yn: Done RTL generation for module 'soc_system_iir_yn'
Info: iir_yn: "soc_system" instantiated altera_avalon_onchip_memory2 "iir_yn"
Info: iir_coef: Starting RTL generation for module 'soc_system_iir_coef'
Info: iir_coef:   Generation command is [exec /home/coordenador/intelFPGA_lite/20.1/quartus/linux64/perl/bin/perl -I /home/coordenador/intelFPGA_lite/20.1/quartus/linux64/perl/lib -I /home/coordenador/intelFPGA_lite/20.1/quartus/sopc_builder/bin/europa -I /home/coordenador/intelFPGA_lite/20.1/quartus/sopc_builder/bin -I /home/coordenador/intelFPGA_lite/20.1/quartus/../ip/altera/sopc_builder_ip/common -I /home/coordenador/intelFPGA_lite/20.1/quartus/../ip/altera/sopc_builder_ip/altera_avalon_onchip_memory2 -- /home/coordenador/intelFPGA_lite/20.1/quartus/../ip/altera/sopc_builder_ip/altera_avalon_onchip_memory2/generate_rtl.pl --name=soc_system_iir_coef --dir=/tmp/alt0710_3862930831480057559.dir/0021_iir_coef_gen/ --quartus_dir=/home/coordenador/intelFPGA_lite/20.1/quartus --verilog --config=/tmp/alt0710_3862930831480057559.dir/0021_iir_coef_gen//soc_system_iir_coef_component_configuration.pl  --do_build_sim=0  ]
Info: iir_coef: Done RTL generation for module 'soc_system_iir_coef'
Info: iir_coef: "soc_system" instantiated altera_avalon_onchip_memory2 "iir_coef"
Info: iir_nsecoes: Starting RTL generation for module 'soc_system_iir_nsecoes'
Info: iir_nsecoes:   Generation command is [exec /home/coordenador/intelFPGA_lite/20.1/quartus/linux64/perl/bin/perl -I /home/coordenador/intelFPGA_lite/20.1/quartus/linux64/perl/lib -I /home/coordenador/intelFPGA_lite/20.1/quartus/sopc_builder/bin/europa -I /home/coordenador/intelFPGA_lite/20.1/quartus/sopc_builder/bin -I /home/coordenador/intelFPGA_lite/20.1/quartus/../ip/altera/sopc_builder_ip/common -I /home/coordenador/intelFPGA_lite/20.1/quartus/../ip/altera/sopc_builder_ip/altera_avalon_pio -- /home/coordenador/intelFPGA_lite/20.1/quartus/../ip/altera/sopc_builder_ip/altera_avalon_pio/generate_rtl.pl --name=soc_system_iir_nsecoes --dir=/tmp/alt0710_3862930831480057559.dir/0022_iir_nsecoes_gen/ --quartus_dir=/home/coordenador/intelFPGA_lite/20.1/quartus --verilog --config=/tmp/alt0710_3862930831480057559.dir/0022_iir_nsecoes_gen//soc_system_iir_nsecoes_component_configuration.pl  --do_build_sim=0  ]
Info: iir_nsecoes: Done RTL generation for module 'soc_system_iir_nsecoes'
Info: iir_nsecoes: "soc_system" instantiated altera_avalon_pio "iir_nsecoes"
Info: avalon_st_adapter: Inserting error_adapter: error_adapter_0
Info: avalon_st_adapter_001: Inserting error_adapter: error_adapter_0
Info: avalon_st_adapter_002: Inserting error_adapter: error_adapter_0
Info: avalon_st_adapter_003: Inserting error_adapter: error_adapter_0
Info: avalon_st_adapter_004: Inserting error_adapter: error_adapter_0
Info: avalon_st_adapter_005: Inserting error_adapter: error_adapter_0
Info: avalon_st_adapter_006: Inserting error_adapter: error_adapter_0
Info: avalon_st_adapter_007: Inserting error_adapter: error_adapter_0
Info: avalon_st_adapter_008: Inserting error_adapter: error_adapter_0
Info: avalon_st_adapter_009: Inserting error_adapter: error_adapter_0
Info: avalon_st_adapter_010: Inserting error_adapter: error_adapter_0
Info: avalon_st_adapter_011: Inserting error_adapter: error_adapter_0
Info: avalon_st_adapter_012: Inserting error_adapter: error_adapter_0
Info: avalon_st_adapter_013: Inserting error_adapter: error_adapter_0
Info: avalon_st_adapter_014: Inserting error_adapter: error_adapter_0
Info: avalon_st_adapter_015: Inserting error_adapter: error_adapter_0
Info: avalon_st_adapter_016: Inserting error_adapter: error_adapter_0
Info: avalon_st_adapter_017: Inserting error_adapter: error_adapter_0
Info: avalon_st_adapter_018: Inserting error_adapter: error_adapter_0
Info: avalon_st_adapter_019: Inserting error_adapter: error_adapter_0
Info: avalon_st_adapter_020: Inserting error_adapter: error_adapter_0
Info: avalon_st_adapter_021: Inserting error_adapter: error_adapter_0
Info: avalon_st_adapter_022: Inserting error_adapter: error_adapter_0
Info: avalon_st_adapter_023: Inserting error_adapter: error_adapter_0
Info: avalon_st_adapter_024: Inserting error_adapter: error_adapter_0
Info: avalon_st_adapter_025: Inserting error_adapter: error_adapter_0
Info: avalon_st_adapter_026: Inserting error_adapter: error_adapter_0
Info: avalon_st_adapter_027: Inserting error_adapter: error_adapter_0
Info: avalon_st_adapter_028: Inserting error_adapter: error_adapter_0
Info: avalon_st_adapter_029: Inserting error_adapter: error_adapter_0
Info: mm_interconnect_0: "soc_system" instantiated altera_mm_interconnect "mm_interconnect_0"
Info: mm_interconnect_1: "soc_system" instantiated altera_mm_interconnect "mm_interconnect_1"
Info: irq_mapper: "soc_system" instantiated altera_irq_mapper "irq_mapper"
Info: irq_mapper_001: "soc_system" instantiated altera_irq_mapper "irq_mapper_001"
Info: rst_controller: "soc_system" instantiated altera_reset_controller "rst_controller"
Info: jtag_phy_embedded_in_jtag_master: "fpga_only_master" instantiated altera_jtag_dc_streaming "jtag_phy_embedded_in_jtag_master"
Info: timing_adt: "fpga_only_master" instantiated timing_adapter "timing_adt"
Info: fifo: "fpga_only_master" instantiated altera_avalon_sc_fifo "fifo"
Info: b2p: "fpga_only_master" instantiated altera_avalon_st_bytes_to_packets "b2p"
Info: p2b: "fpga_only_master" instantiated altera_avalon_st_packets_to_bytes "p2b"
Info: transacto: "fpga_only_master" instantiated altera_avalon_packets_to_master "transacto"
Info: b2p_adapter: "fpga_only_master" instantiated channel_adapter "b2p_adapter"
Info: p2b_adapter: "fpga_only_master" instantiated channel_adapter "p2b_adapter"
Info: fpga_interfaces: "hps_0" instantiated altera_interface_generator "fpga_interfaces"
Info: hps_io: "hps_0" instantiated altera_hps_io "hps_io"
Info: fpga_only_master_master_translator: "mm_interconnect_0" instantiated altera_merlin_master_translator "fpga_only_master_master_translator"
Info: onchip_memory2_0_s1_translator: "mm_interconnect_0" instantiated altera_merlin_slave_translator "onchip_memory2_0_s1_translator"
Info: hps_0_h2f_axi_master_agent: "mm_interconnect_0" instantiated altera_merlin_axi_master_ni "hps_0_h2f_axi_master_agent"
Info: fpga_only_master_master_agent: "mm_interconnect_0" instantiated altera_merlin_master_agent "fpga_only_master_master_agent"
Info: onchip_memory2_0_s1_agent: "mm_interconnect_0" instantiated altera_merlin_slave_agent "onchip_memory2_0_s1_agent"
Info: router: "mm_interconnect_0" instantiated altera_merlin_router "router"
Info: router_002: "mm_interconnect_0" instantiated altera_merlin_router "router_002"
Info: router_003: "mm_interconnect_0" instantiated altera_merlin_router "router_003"
Info: router_005: "mm_interconnect_0" instantiated altera_merlin_router "router_005"
Info: router_006: "mm_interconnect_0" instantiated altera_merlin_router "router_006"
Info: router_019: "mm_interconnect_0" instantiated altera_merlin_router "router_019"
Info: router_020: "mm_interconnect_0" instantiated altera_merlin_router "router_020"
Info: router_022: "mm_interconnect_0" instantiated altera_merlin_router "router_022"
Info: hps_0_h2f_axi_master_wr_limiter: "mm_interconnect_0" instantiated altera_merlin_traffic_limiter "hps_0_h2f_axi_master_wr_limiter"
Info: Reusing file /home/coordenador/Documentos/validacao-final/morphe/Quartus/soc_system/synthesis/submodules/altera_avalon_sc_fifo.v
Info: Reusing file /home/coordenador/Documentos/validacao-final/morphe/Quartus/soc_system/synthesis/submodules/altera_avalon_st_pipeline_base.v
Info: onchip_memory2_0_s1_burst_adapter: "mm_interconnect_0" instantiated altera_merlin_burst_adapter "onchip_memory2_0_s1_burst_adapter"
Info: Reusing file /home/coordenador/Documentos/validacao-final/morphe/Quartus/soc_system/synthesis/submodules/altera_merlin_address_alignment.sv
Info: Reusing file /home/coordenador/Documentos/validacao-final/morphe/Quartus/soc_system/synthesis/submodules/altera_avalon_st_pipeline_stage.sv
Info: Reusing file /home/coordenador/Documentos/validacao-final/morphe/Quartus/soc_system/synthesis/submodules/altera_avalon_st_pipeline_base.v
Info: cmd_demux: "mm_interconnect_0" instantiated altera_merlin_demultiplexer "cmd_demux"
Info: cmd_demux_002: "mm_interconnect_0" instantiated altera_merlin_demultiplexer "cmd_demux_002"
Info: cmd_demux_003: "mm_interconnect_0" instantiated altera_merlin_demultiplexer "cmd_demux_003"
Info: cmd_mux: "mm_interconnect_0" instantiated altera_merlin_multiplexer "cmd_mux"
Info: cmd_mux_001: "mm_interconnect_0" instantiated altera_merlin_multiplexer "cmd_mux_001"
Info: Reusing file /home/coordenador/Documentos/validacao-final/morphe/Quartus/soc_system/synthesis/submodules/altera_merlin_arbitrator.sv
Info: cmd_mux_014: "mm_interconnect_0" instantiated altera_merlin_multiplexer "cmd_mux_014"
Info: Reusing file /home/coordenador/Documentos/validacao-final/morphe/Quartus/soc_system/synthesis/submodules/altera_merlin_arbitrator.sv
Info: cmd_mux_015: "mm_interconnect_0" instantiated altera_merlin_multiplexer "cmd_mux_015"
Info: Reusing file /home/coordenador/Documentos/validacao-final/morphe/Quartus/soc_system/synthesis/submodules/altera_merlin_arbitrator.sv
Info: rsp_demux: "mm_interconnect_0" instantiated altera_merlin_demultiplexer "rsp_demux"
Info: rsp_demux_001: "mm_interconnect_0" instantiated altera_merlin_demultiplexer "rsp_demux_001"
Info: rsp_demux_014: "mm_interconnect_0" instantiated altera_merlin_demultiplexer "rsp_demux_014"
Info: rsp_demux_015: "mm_interconnect_0" instantiated altera_merlin_demultiplexer "rsp_demux_015"
Info: rsp_mux: "mm_interconnect_0" instantiated altera_merlin_multiplexer "rsp_mux"
Info: Reusing file /home/coordenador/Documentos/validacao-final/morphe/Quartus/soc_system/synthesis/submodules/altera_merlin_arbitrator.sv
Info: rsp_mux_002: "mm_interconnect_0" instantiated altera_merlin_multiplexer "rsp_mux_002"
Info: Reusing file /home/coordenador/Documentos/validacao-final/morphe/Quartus/soc_system/synthesis/submodules/altera_merlin_arbitrator.sv
Info: rsp_mux_003: "mm_interconnect_0" instantiated altera_merlin_multiplexer "rsp_mux_003"
Info: Reusing file /home/coordenador/Documentos/validacao-final/morphe/Quartus/soc_system/synthesis/submodules/altera_merlin_arbitrator.sv
Info: hps_0_h2f_axi_master_wr_to_fft_xn_imag_s2_cmd_width_adapter: "mm_interconnect_0" instantiated altera_merlin_width_adapter "hps_0_h2f_axi_master_wr_to_fft_xn_imag_s2_cmd_width_adapter"
Info: Reusing file /home/coordenador/Documentos/validacao-final/morphe/Quartus/soc_system/synthesis/submodules/altera_merlin_address_alignment.sv
Info: Reusing file /home/coordenador/Documentos/validacao-final/morphe/Quartus/soc_system/synthesis/submodules/altera_merlin_burst_uncompressor.sv
Info: avalon_st_adapter: "mm_interconnect_0" instantiated altera_avalon_st_adapter "avalon_st_adapter"
Info: avalon_st_adapter_001: "mm_interconnect_0" instantiated altera_avalon_st_adapter "avalon_st_adapter_001"
Info: hps_0_f2h_axi_slave_agent: "mm_interconnect_1" instantiated altera_merlin_axi_slave_ni "hps_0_f2h_axi_slave_agent"
Info: Reusing file /home/coordenador/Documentos/validacao-final/morphe/Quartus/soc_system/synthesis/submodules/altera_merlin_burst_uncompressor.sv
Info: Reusing file /home/coordenador/Documentos/validacao-final/morphe/Quartus/soc_system/synthesis/submodules/altera_avalon_sc_fifo.v
Info: Reusing file /home/coordenador/Documentos/validacao-final/morphe/Quartus/soc_system/synthesis/submodules/altera_merlin_address_alignment.sv
Info: router: "mm_interconnect_1" instantiated altera_merlin_router "router"
Info: router_001: "mm_interconnect_1" instantiated altera_merlin_router "router_001"
Info: cmd_demux: "mm_interconnect_1" instantiated altera_merlin_demultiplexer "cmd_demux"
Info: cmd_mux: "mm_interconnect_1" instantiated altera_merlin_multiplexer "cmd_mux"
Info: Reusing file /home/coordenador/Documentos/validacao-final/morphe/Quartus/soc_system/synthesis/submodules/altera_merlin_arbitrator.sv
Info: rsp_demux: "mm_interconnect_1" instantiated altera_merlin_demultiplexer "rsp_demux"
Info: rsp_mux: "mm_interconnect_1" instantiated altera_merlin_multiplexer "rsp_mux"
Info: Reusing file /home/coordenador/Documentos/validacao-final/morphe/Quartus/soc_system/synthesis/submodules/altera_merlin_arbitrator.sv
Info: border: "hps_io" instantiated altera_interface_generator "border"
Info: error_adapter_0: "avalon_st_adapter" instantiated error_adapter "error_adapter_0"
Info: error_adapter_0: "avalon_st_adapter_001" instantiated error_adapter "error_adapter_0"
Info: soc_system: Done "soc_system" with 81 modules, 160 files
Info: qsys-generate succeeded.
Info: Finished: Create HDL design files for synthesis
